19 8148 Mem:  35456646 35490464 92126814 56670168 16027 1332267 35456646 -33818
19 8149 Mem:  35465074 35498892 92136225 56671151 16029 1332374 35465074 -33818
19 8150 Mem:  35473515 35507333 92178249 56704734 16031 1332482 35473515 -33818
19 8151 Mem:  35481945 35515763 92187662 56705717 16033 1332589 35481945 -33818
19 8152 Mem:  35490376 35524194 92197076 56706700 16035 1332696 35490376 -33818
19 8153 Mem:  35498820 35532638 92239115 56740295 16037 1332804 35498820 -33818
19 8154 Mem:  35507253 35541071 92248531 56741278 16039 1332911 35507253 -33818
19 8155 Mem:  35515687 35549505 92257948 56742261 16041 1333018 35515687 -33818
19 8156 Mem:  35524134 35557952 92300002 56775868 16043 1333126 35524134 -33818
19 8157 Mem:  35532570 35566388 92309421 56776851 16045 1333233 35532570 -33818
19 8158 Mem:  35541007 35574825 92318841 56777834 16047 1333340 35541007 -33818
19 8159 Mem:  35549457 35583275 92360910 56811453 16049 1333448 35549457 -33818
19 8159 Mem:  35549449 35583267 92361820 56812371 16049 1333545 35549449 -33818
19 8160 Mem:  35557896 35591714 92371242 56813346 16051 1333652 35557896 -33818
19 8160 Mem:  35557888 35591706 92372152 56814264 16051 1333749 35557888 -33818
 sz 8160  k 12800  m 8160   0.637500 m 
